../../../../rust/message-backup/tests/res/canonical-backup.expected.json