chat frame ChatId(2) error: PinOrder(5) already appeared