chat frame ChatId(1) error: chat item: group update: group update: SelfInvitedToGroupUpdate.inviterAci: invalid ACI