chat frame ChatId(1) error: no record for RecipientId(2)