chat frame ChatId(1) error: chat item: sticker message: pack ID is invalid